1 * 50 = 50
2 * 25 = 50
2 * 5 * 5 = 50
5 * 10 = 50
5 * 2 * 5 = 50
