1 * 30 = 30
2 * 15 = 30
2 * 3 * 5 = 30
3 * 10 = 30
3 * 2 * 5 = 30
5 * 6 = 30
5 * 2 * 3 = 30
